==============================================
🚀 StockPulse 24/7 Catalyst Monitor Started
==============================================

[08:44:05 PM] 🔍 Scanning for catalysts...
💤 No new catalysts found.

[09:29:43 PM] 🔍 Scanning for catalysts...
💤 No new catalysts found.

[09:44:44 PM] 🔍 Scanning for catalysts...
💤 No new catalysts found.

[09:59:44 PM] 🔍 Scanning for catalysts...
💤 No new catalysts found.

[10:14:44 PM] 🔍 Scanning for catalysts...
💤 No new catalysts found.

[10:29:44 PM] 🔍 Scanning for catalysts...
💤 No new catalysts found.

[01:29:48 AM] 🔍 Scanning for catalysts...
Error fetching general news: HTTP Error 401: Unauthorized
💤 No new catalysts found.

[07:54:44 AM] 🔍 Scanning for catalysts...
Error fetching general news: HTTP Error 401: Unauthorized
💤 No new catalysts found.

[08:09:44 AM] 🔍 Scanning for catalysts...
Error fetching general news: HTTP Error 401: Unauthorized
💤 No new catalysts found.

[02:09:51 PM] 🔍 Scanning for catalysts...
Error fetching general news: HTTP Error 401: Unauthorized
💤 No new catalysts found.

[05:11:50 PM] 🔍 Scanning for catalysts...
Error fetching general news: HTTP Error 401: Unauthorized
💤 No new catalysts found.

[06:07:26 PM] 🔍 Scanning for catalysts...
Error fetching general news: HTTP Error 401: Unauthorized
💤 No new catalysts found.

[06:38:22 PM] 🔍 Scanning for catalysts...
Error fetching general news: HTTP Error 401: Unauthorized
💤 No new catalysts found.

[08:12:21 PM] 🔍 Scanning for catalysts...
Error fetching general news: HTTP Error 401: Unauthorized
💤 No new catalysts found.

[08:27:21 PM] 🔍 Scanning for catalysts...
💤 No new catalysts found.

[08:42:21 PM] 🔍 Scanning for catalysts...
💤 No new catalysts found.
